2026-04-13 23:10:23,104 - 
============================================================
[Performance] Last 60 frames summary
============================================================
total               : avg=  2.06ms  max= 20.61ms  min=  1.12ms
----------------------------------------
Estimated FPS: 486.2
============================================================
2026-04-13 23:10:33,273 - 
============================================================
[Performance] Last 60 frames summary
============================================================
total               : avg=  1.84ms  max= 17.20ms  min=  1.10ms
----------------------------------------
Estimated FPS: 544.7
============================================================
2026-04-13 23:10:34,281 - 
============================================================
[Performance] Last 60 frames summary
============================================================
total               : avg=  1.67ms  max= 17.20ms  min=  1.04ms
----------------------------------------
Estimated FPS: 598.3
============================================================
2026-04-13 23:10:35,282 - 
============================================================
[Performance] Last 60 frames summary
============================================================
total               : avg=  1.35ms  max=  9.46ms  min=  1.04ms
----------------------------------------
Estimated FPS: 740.4
============================================================
2026-04-13 23:10:36,300 - 
============================================================
[Performance] Last 60 frames summary
============================================================
total               : avg=  1.22ms  max=  1.98ms  min=  1.07ms
----------------------------------------
Estimated FPS: 822.9
============================================================
2026-04-13 23:10:37,323 - 
============================================================
[Performance] Last 60 frames summary
============================================================
total               : avg=  1.34ms  max=  8.04ms  min=  1.07ms
----------------------------------------
Estimated FPS: 743.8
============================================================
2026-04-13 23:10:38,354 - 
============================================================
[Performance] Last 60 frames summary
============================================================
total               : avg=  1.33ms  max=  8.04ms  min=  1.07ms
----------------------------------------
Estimated FPS: 749.8
============================================================
2026-04-13 23:10:39,356 - 
============================================================
[Performance] Last 60 frames summary
============================================================
total               : avg=  1.33ms  max=  8.19ms  min=  1.07ms
----------------------------------------
Estimated FPS: 752.8
============================================================
2026-04-13 23:10:40,356 - 
============================================================
[Performance] Last 60 frames summary
============================================================
total               : avg=  1.33ms  max=  8.19ms  min=  1.02ms
----------------------------------------
Estimated FPS: 749.7
============================================================
2026-04-13 23:10:41,373 - 
============================================================
[Performance] Last 60 frames summary
============================================================
total               : avg=  1.24ms  max=  1.78ms  min=  1.02ms
----------------------------------------
Estimated FPS: 808.3
============================================================
2026-04-13 23:10:42,378 - 
============================================================
[Performance] Last 60 frames summary
============================================================
total               : avg=  1.22ms  max=  1.78ms  min=  1.07ms
----------------------------------------
Estimated FPS: 819.9
============================================================
2026-04-13 23:10:43,383 - 
============================================================
[Performance] Last 60 frames summary
============================================================
total               : avg=  1.19ms  max=  1.54ms  min=  1.06ms
----------------------------------------
Estimated FPS: 843.9
============================================================
2026-04-13 23:10:44,394 - 
============================================================
[Performance] Last 60 frames summary
============================================================
total               : avg=  1.30ms  max=  8.11ms  min=  1.01ms
----------------------------------------
Estimated FPS: 770.6
============================================================
2026-04-13 23:10:45,399 - 
============================================================
[Performance] Last 60 frames summary
============================================================
total               : avg=  1.32ms  max=  8.11ms  min=  1.01ms
----------------------------------------
Estimated FPS: 755.4
============================================================
2026-04-13 23:10:46,405 - 
============================================================
[Performance] Last 60 frames summary
============================================================
total               : avg=  1.33ms  max=  8.32ms  min=  1.07ms
----------------------------------------
Estimated FPS: 752.3
============================================================
2026-04-13 23:10:47,418 - 
============================================================
[Performance] Last 60 frames summary
============================================================
total               : avg=  1.32ms  max=  8.32ms  min=  1.05ms
----------------------------------------
Estimated FPS: 757.4
============================================================
2026-04-13 23:10:48,425 - 
============================================================
[Performance] Last 60 frames summary
============================================================
total               : avg=  1.23ms  max=  1.69ms  min=  1.05ms
----------------------------------------
Estimated FPS: 814.0
============================================================
2026-04-13 23:10:49,432 - 
============================================================
[Performance] Last 60 frames summary
============================================================
total               : avg=  1.25ms  max=  1.69ms  min=  1.07ms
----------------------------------------
Estimated FPS: 797.8
============================================================
2026-04-13 23:10:50,446 - 
============================================================
[Performance] Last 60 frames summary
============================================================
total               : avg=  1.40ms  max=  9.21ms  min=  1.08ms
----------------------------------------
Estimated FPS: 714.1
============================================================
2026-04-13 23:10:51,453 - 
============================================================
[Performance] Last 60 frames summary
============================================================
total               : avg=  1.39ms  max=  9.21ms  min=  1.08ms
----------------------------------------
Estimated FPS: 719.2
============================================================
2026-04-13 23:10:52,461 - 
============================================================
[Performance] Last 60 frames summary
============================================================
total               : avg=  1.39ms  max=  9.21ms  min=  1.08ms
----------------------------------------
Estimated FPS: 717.8
============================================================
2026-04-13 23:10:53,476 - 
============================================================
[Performance] Last 60 frames summary
============================================================
total               : avg=  1.24ms  max=  1.68ms  min=  1.06ms
----------------------------------------
Estimated FPS: 808.3
============================================================
2026-04-13 23:10:54,482 - 
============================================================
[Performance] Last 60 frames summary
============================================================
total               : avg=  1.23ms  max=  1.68ms  min=  1.03ms
----------------------------------------
Estimated FPS: 814.1
============================================================
2026-04-13 23:10:55,485 - 
============================================================
[Performance] Last 60 frames summary
============================================================
total               : avg=  1.37ms  max=  8.64ms  min=  1.03ms
----------------------------------------
Estimated FPS: 732.4
============================================================
2026-04-13 23:10:56,496 - 
============================================================
[Performance] Last 60 frames summary
============================================================
total               : avg=  1.39ms  max=  8.64ms  min=  1.04ms
----------------------------------------
Estimated FPS: 720.2
============================================================
2026-04-13 23:10:57,502 - 
============================================================
[Performance] Last 60 frames summary
============================================================
total               : avg=  1.25ms  max=  1.68ms  min=  1.07ms
----------------------------------------
Estimated FPS: 798.5
============================================================
2026-04-13 23:10:58,510 - 
============================================================
[Performance] Last 60 frames summary
============================================================
total               : avg=  1.35ms  max=  8.79ms  min=  1.06ms
----------------------------------------
Estimated FPS: 742.8
============================================================
2026-04-13 23:10:59,523 - 
============================================================
[Performance] Last 60 frames summary
============================================================
total               : avg=  1.48ms  max=  8.79ms  min=  1.05ms
----------------------------------------
Estimated FPS: 674.7
============================================================
2026-04-13 23:11:00,527 - 
============================================================
[Performance] Last 60 frames summary
============================================================
total               : avg=  1.37ms  max=  8.59ms  min=  1.04ms
----------------------------------------
Estimated FPS: 729.0
============================================================
2026-04-13 23:11:01,533 - 
============================================================
[Performance] Last 60 frames summary
============================================================
total               : avg=  1.36ms  max=  8.54ms  min=  1.04ms
----------------------------------------
Estimated FPS: 732.8
============================================================
2026-04-13 23:11:02,548 - 
============================================================
[Performance] Last 60 frames summary
============================================================
total               : avg=  1.36ms  max=  8.54ms  min=  1.04ms
----------------------------------------
Estimated FPS: 734.1
============================================================
2026-04-13 23:11:03,550 - 
============================================================
[Performance] Last 60 frames summary
============================================================
total               : avg=  1.37ms  max=  8.02ms  min=  1.04ms
----------------------------------------
Estimated FPS: 731.2
============================================================
2026-04-13 23:11:04,554 - 
============================================================
[Performance] Last 60 frames summary
============================================================
total               : avg=  1.35ms  max=  8.02ms  min=  1.04ms
----------------------------------------
Estimated FPS: 740.4
============================================================
2026-04-13 23:11:05,562 - 
============================================================
[Performance] Last 60 frames summary
============================================================
total               : avg=  1.24ms  max=  1.73ms  min=  1.04ms
----------------------------------------
Estimated FPS: 804.2
============================================================
2026-04-13 23:11:06,569 - 
============================================================
[Performance] Last 60 frames summary
============================================================
total               : avg=  1.26ms  max=  1.73ms  min=  1.06ms
----------------------------------------
Estimated FPS: 794.6
============================================================
2026-04-13 23:11:07,576 - 
============================================================
[Performance] Last 60 frames summary
============================================================
total               : avg=  1.39ms  max=  8.33ms  min=  1.06ms
----------------------------------------
Estimated FPS: 717.9
============================================================
2026-04-13 23:11:08,595 - 
============================================================
[Performance] Last 60 frames summary
============================================================
total               : avg=  1.66ms  max=  9.27ms  min=  1.08ms
----------------------------------------
Estimated FPS: 602.5
============================================================
2026-04-13 23:11:09,604 - 
============================================================
[Performance] Last 60 frames summary
============================================================
total               : avg=  1.52ms  max=  9.27ms  min=  1.03ms
----------------------------------------
Estimated FPS: 655.9
============================================================
2026-04-13 23:11:10,612 - 
============================================================
[Performance] Last 60 frames summary
============================================================
total               : avg=  1.34ms  max=  8.83ms  min=  1.03ms
----------------------------------------
Estimated FPS: 745.9
============================================================
2026-04-13 23:11:11,628 - 
============================================================
[Performance] Last 60 frames summary
============================================================
total               : avg=  1.24ms  max=  1.70ms  min=  1.08ms
----------------------------------------
Estimated FPS: 805.5
============================================================
2026-04-13 23:11:12,636 - 
============================================================
[Performance] Last 60 frames summary
============================================================
total               : avg=  1.24ms  max=  1.90ms  min=  1.03ms
----------------------------------------
Estimated FPS: 804.0
============================================================
2026-04-13 23:11:13,647 - 
============================================================
[Performance] Last 60 frames summary
============================================================
total               : avg=  1.25ms  max=  1.90ms  min=  1.03ms
----------------------------------------
Estimated FPS: 800.3
============================================================
2026-04-13 23:11:14,659 - 
============================================================
[Performance] Last 60 frames summary
============================================================
total               : avg=  1.24ms  max=  1.59ms  min=  1.05ms
----------------------------------------
Estimated FPS: 804.4
============================================================
2026-04-13 23:11:15,666 - 
============================================================
[Performance] Last 60 frames summary
============================================================
total               : avg=  1.25ms  max=  1.59ms  min=  1.05ms
----------------------------------------
Estimated FPS: 798.7
============================================================
2026-04-13 23:11:16,674 - 
============================================================
[Performance] Last 60 frames summary
============================================================
total               : avg=  1.23ms  max=  1.57ms  min=  1.07ms
----------------------------------------
Estimated FPS: 810.1
============================================================
2026-04-13 23:11:17,689 - 
============================================================
[Performance] Last 60 frames summary
============================================================
total               : avg=  1.21ms  max=  1.62ms  min=  1.07ms
----------------------------------------
Estimated FPS: 828.7
============================================================
2026-04-13 23:11:18,693 - 
============================================================
[Performance] Last 60 frames summary
============================================================
total               : avg=  1.35ms  max=  9.36ms  min=  1.06ms
----------------------------------------
Estimated FPS: 738.3
============================================================
2026-04-13 23:11:19,696 - 
============================================================
[Performance] Last 60 frames summary
============================================================
total               : avg=  1.34ms  max=  9.36ms  min=  1.06ms
----------------------------------------
Estimated FPS: 744.5
============================================================
2026-04-13 23:11:20,709 - 
============================================================
[Performance] Last 60 frames summary
============================================================
total               : avg=  1.24ms  max=  2.95ms  min=  1.04ms
----------------------------------------
Estimated FPS: 804.6
============================================================
2026-04-13 23:11:21,711 - 
============================================================
[Performance] Last 60 frames summary
============================================================
total               : avg=  1.25ms  max=  2.95ms  min=  1.04ms
----------------------------------------
Estimated FPS: 800.4
============================================================
2026-04-13 23:11:22,717 - 
============================================================
[Performance] Last 60 frames summary
============================================================
total               : avg=  1.22ms  max=  1.82ms  min=  1.04ms
----------------------------------------
Estimated FPS: 820.3
============================================================
2026-04-13 23:11:23,727 - 
============================================================
[Performance] Last 60 frames summary
============================================================
total               : avg=  1.36ms  max=  8.47ms  min=  1.06ms
----------------------------------------
Estimated FPS: 732.7
============================================================
2026-04-13 23:11:24,760 - 
============================================================
[Performance] Last 60 frames summary
============================================================
total               : avg=  1.34ms  max=  8.47ms  min=  1.03ms
----------------------------------------
Estimated FPS: 743.6
============================================================
2026-04-13 23:11:25,772 - 
============================================================
[Performance] Last 60 frames summary
============================================================
total               : avg=  1.20ms  max=  1.48ms  min=  1.03ms
----------------------------------------
Estimated FPS: 835.0
============================================================
2026-04-13 23:11:26,776 - 
============================================================
[Performance] Last 60 frames summary
============================================================
total               : avg=  1.20ms  max=  1.48ms  min=  1.03ms
----------------------------------------
Estimated FPS: 835.4
============================================================
2026-04-13 23:11:27,779 - 
============================================================
[Performance] Last 60 frames summary
============================================================
total               : avg=  1.21ms  max=  1.57ms  min=  1.06ms
----------------------------------------
Estimated FPS: 824.8
============================================================
2026-04-13 23:11:28,788 - 
============================================================
[Performance] Last 60 frames summary
============================================================
total               : avg=  1.36ms  max=  8.73ms  min=  1.05ms
----------------------------------------
Estimated FPS: 735.8
============================================================
2026-04-13 23:11:29,816 - 
============================================================
[Performance] Last 60 frames summary
============================================================
total               : avg=  1.48ms  max=  9.49ms  min=  1.05ms
----------------------------------------
Estimated FPS: 676.8
============================================================
2026-04-13 23:11:30,842 - 
============================================================
[Performance] Last 60 frames summary
============================================================
total               : avg=  1.45ms  max=  9.49ms  min=  1.05ms
----------------------------------------
Estimated FPS: 689.7
============================================================
2026-04-13 23:11:31,862 - 
============================================================
[Performance] Last 60 frames summary
============================================================
total               : avg=  1.44ms  max=  9.35ms  min=  1.02ms
----------------------------------------
Estimated FPS: 694.8
============================================================
2026-04-13 23:11:32,885 - 
============================================================
[Performance] Last 60 frames summary
============================================================
total               : avg=  1.33ms  max=  8.22ms  min=  1.02ms
----------------------------------------
Estimated FPS: 754.5
============================================================
2026-04-13 23:11:33,887 - 
============================================================
[Performance] Last 60 frames summary
============================================================
total               : avg=  1.24ms  max=  1.86ms  min=  1.06ms
----------------------------------------
Estimated FPS: 804.5
============================================================
2026-04-13 23:11:34,892 - 
============================================================
[Performance] Last 60 frames summary
============================================================
total               : avg=  1.23ms  max=  1.86ms  min=  1.06ms
----------------------------------------
Estimated FPS: 810.1
============================================================
2026-04-13 23:11:35,907 - 
============================================================
[Performance] Last 60 frames summary
============================================================
total               : avg=  1.37ms  max=  9.75ms  min=  1.06ms
----------------------------------------
Estimated FPS: 732.5
============================================================
